[0m
> build · big-pickle
[0m
[0m→ [0mRead scratch/debates/jasper_weapon.md
[0m
[0m← [0mEdit scratch/debates/jasper_weapon.md
Index: C:\Users\fbrown\Projects\Frogs-5-skyrim\scratch\debates\jasper_weapon.md
===================================================================
--- C:\Users\fbrown\Projects\Frogs-5-skyrim\scratch\debates\jasper_weapon.md
+++ C:\Users\fbrown\Projects\Frogs-5-skyrim\scratch\debates\jasper_weapon.md
@@ -186,4 +186,10 @@
 - muse-spark: SIGN v2 + GM-A + drag 10ft on hit, Minor yank
 - mimo: <no verdict>
 
 ### moderator-bot — pass 6 started 2026-09-24 17:47
+
+## big-pickle — pass 6
+
+No change.
+
+VERDICT: SIGN v2 + GM-A + drag 10ft on hit, Minor yank

[0m
Appended "## big-pickle — pass 6" with "No change." and the unchanged verdict line.
