[0m
> build · big-pickle
[0m
[0m→ [0mRead scratch/debates/jasper_weapon.md
[0m
[0m← [0mEdit scratch/debates/jasper_weapon.md
Index: C:\Users\fbrown\Projects\Frogs-5-skyrim\scratch\debates\jasper_weapon.md
===================================================================
--- C:\Users\fbrown\Projects\Frogs-5-skyrim\scratch\debates\jasper_weapon.md
+++ C:\Users\fbrown\Projects\Frogs-5-skyrim\scratch\debates\jasper_weapon.md
@@ -108,4 +108,10 @@
 - muse-spark: SIGN v2 + GM-A + drag 10ft on hit, Minor yank
 - mimo: <no verdict>
 
 ### moderator-bot — pass 3 started 2026-09-24 17:38
+
+## big-pickle — pass 3
+
+The single-object Telekinesis ruling moved me off my pass-2 naked GM-A. I read the orbit-swarm as one summon-and-forget object; under strict RAW that breaks the mirror promise (a player must be able to build exactly this), and the single needle keeps GM-A's anchor-glass fiction while staying legal. That named change — not convergence — is why I now sign the merged version. The strongest case against GM-A+drag: Major-attack plus Minor-yank taxes Jasper's economy where the pure orbit aura cost nothing, leaving a 13-HP mage spending his own turns to do his one job. It fails because the merged form keeps the orbit as the aura's visible body (zero-cost drain stays) while the drag only forces spacing players could otherwise outrange, and his free Unmaking casts plus Bonus hurls keep the economy solvent. Flag for the GM: the drag should be forced movement with no roll, not a reposition, so it cannot move through anchors or occupied squares.
+
+VERDICT: SIGN v2 + GM-A + drag 10ft on hit, Minor yank

[0m
Appended.
