[0m
> build · big-pickle
[0m
[0m→ [0mRead scratch/debates/jasper_weapon.md
[0m
[0m← [0mEdit scratch/debates/jasper_weapon.md
Index: C:\Users\fbrown\Projects\Frogs-5-skyrim\scratch\debates\jasper_weapon.md
===================================================================
--- C:\Users\fbrown\Projects\Frogs-5-skyrim\scratch\debates\jasper_weapon.md
+++ C:\Users\fbrown\Projects\Frogs-5-skyrim\scratch\debates\jasper_weapon.md
@@ -146,4 +146,10 @@
 
 No change.
 
 VERDICT: SIGN v2 + GM-A + drag 10ft on hit, Minor yank
+
+## big-pickle — pass 4
+
+No change.
+
+VERDICT: SIGN v2 + GM-A + drag 10ft on hit, Minor yank

[0m
Appended.
