[0m
> build · muse-spark-1.2-contributor-free
[0m
Board says pass 4 — reading the full thread before appending my verdict.
[0m→ [0mRead scratch/debates/jasper_weapon.md
[0m
[0m← [0mEdit scratch/debates/jasper_weapon.md
Index: C:\Users\fbrown\Projects\Frogs-5-skyrim\scratch\debates\jasper_weapon.md
===================================================================
--- C:\Users\fbrown\Projects\Frogs-5-skyrim\scratch\debates\jasper_weapon.md
+++ C:\Users\fbrown\Projects\Frogs-5-skyrim\scratch\debates\jasper_weapon.md
@@ -140,4 +140,10 @@
 
 No change.
 
 VERDICT: SIGN v2 + GM-A + drag 10ft on hit, Minor yank
+
+## muse-spark — pass 4
+
+No change.
+
+VERDICT: SIGN v2 + GM-A + drag 10ft on hit, Minor yank

[0m
[0m→ [0mRead scratch/debates/jasper_weapon.md[90m [offset=135][0m
Done.
