[0m
> build · muse-spark-1.2-contributor-free
[0m
Your independent first take is queued — reading the proposal cold.
[0m→ [0mRead scratch/debates/jasper_weapon.md
[0m→ [0mRead scratch/debates/.debate-work
[0m→ [0mRead scratch/debates/.debate-work/muse-spark-p1.instr
[0m
[0m$ [0mpython3 -c "
text='''Independent read: v1 is empty (None yet) — correct for pass 1 independent pitches. Works: avoids anchoring. Weak: nothing to test against FROGS d20 roll-under, flat damage, Major/Minor/Bonus economy, or Dagon gifts. Missing: a player-buildable mirror weapon that makes Hollow Heart positioning matter and gives Unmaking a payoff beyond steal.

My pitch: Bound Razor-Chain — forbidden Deadlands form, not spear/bow. Glass chain with razor hook, Reach 15 ft (mirrors Hollow Heart). Summon Bonus, 5 FP. Attack Major, roll Magic, Damage 10 flat fire. On hit inflicts Slowed. Minor: yank Tethered foe 10 ft toward Jasper (forced move, no roll). Bonus riposte attack off-turn after successful Unmaking negate. While bound, small fire body buff (DR 4 vs melee). Rewards smart spacing/yanks, feels like \"I could build that\" via Telekinesis + chain.

Strongest case against v1 is that empty consensus wastes time, but it fails — independence prevents Vyke-clone anchoring.

VERDICT: HOLD - no v1; pitch Bound Razor-Chain 15ft yank above'''
print(len(text.split()))
print(len(text))
"
/usr/bin/bash: line 1: python3: command not found
[0m
[0m$ [0mpython -c "
text='''Independent read: v1 is empty (None yet) — correct for pass 1 independent pitches. Works: avoids anchoring. Weak: nothing to test against FROGS d20 roll-under, flat damage, Major/Minor/Bonus economy, or Dagon gifts. Missing: a player-buildable mirror weapon that makes Hollow Heart positioning matter and gives Unmaking a payoff beyond steal.

My pitch: Bound Razor-Chain — forbidden Deadlands form, not spear/bow. Glass chain with razor hook, Reach 15 ft (mirrors Hollow Heart). Summon Bonus, 5 FP. Attack Major, roll Magic, Damage 10 flat fire. On hit inflicts Slowed. Minor: yank Tethered foe 10 ft toward Jasper (forced move, no roll). Bonus riposte attack off-turn after successful Unmaking negate. While bound, small fire body buff (DR 4 vs melee). Rewards smart spacing/yanks, feels like \"I could build that\" via Telekinesis + chain.

Strongest case against v1 is that empty consensus wastes time, but it fails — independence prevents Vyke-clone anchoring.

VERDICT: HOLD - no v1; pitch Bound Razor-Chain 15ft yank above'''
print(len(text.split()))
"
159
[0m
[0m← [0mWrite scratch/debates/.debate-work/p1-muse-spark.md
Wrote file successfully.
[0m
Post written to p1-muse-spark.md (159 words). No board file touched.
