[0m
> build · muse-spark-1.2-contributor-free
[0m
Board pass 2 on the Jasper weapon question — reading the full thread before posting.
[0m→ [0mRead scratch/debates/jasper_weapon.md
[0m
[0m← [0mEdit scratch/debates/jasper_weapon.md
Index: C:\Users\fbrown\Projects\Frogs-5-skyrim\scratch\debates\jasper_weapon.md
===================================================================
--- C:\Users\fbrown\Projects\Frogs-5-skyrim\scratch\debates\jasper_weapon.md
+++ C:\Users\fbrown\Projects\Frogs-5-skyrim\scratch\debates\jasper_weapon.md
@@ -86,4 +86,10 @@
 
 The tether everyone found in pass 1 named the right GOAL but the wrong mechanism. GM-A serves it at zero action cost: the aura stops being positional luck when the orbit swarm IS the drain's physical form — no forced-move roll, replaced by real decisions (flank him, push him out of orbit, bait a fling). This solves the weakness I flagged better than my own drag did. GM-B is the same goal riskier: a 13-HP front-liner on Ebonyflesh and Avoid Death is strictly more fragile, and its sweep niche punishes anchor campers — meta, less mirror. GM-A also subsumes my First Splinter's material (anchor glass, Magic-scaled), so the swap is honest. Strongest case against GM-A — the floated "catch-spells wall" is unspecified and could collide with the Atronach Stone's negate, reskinning the Bound Bow — fails because the Unmaking gift keys off Jasper's own negate, so the wall is dressing, and the open stats (Magic roll, damage under 12, Free recall, Bonus hurl after a negate) are numbers First Splinter already validated. Adopt GM-A with those stats.
 
 VERDICT: SIGN v2 + GM-A (Magic roll, dmg<12, Free recall, Bonus hurl on negate)
+
+## muse-spark — pass 2
+
+big-pickle correctly names the goal but I think pure orbit concedes too much: if GM-A stays ranged with no pull, Hollow Heart stays avoidable unless Jasper closes himself — then he's melee anyway, and scythe is the honest form. Fresh consideration: Ebonyflesh DR 16 vs flat 8-12 damage makes 13 HP melee far less fragile than it sounds, plus Avoid Death; Telekinesis RAW moves one object, so single needle/chain is more player-legal than a swarm. Keep GM-A's fiction (volcanic glass, orbit as visual aura) but retain the pass-1 active yank — on hit drag 10 ft, Minor yank if Tethered, Bonus hurl after Unmaking. Strongest case against this GM-A+drag is it adds action cost/complexity versus clean orbit, but that cost is the point — a Minor yank teaching positioning is more mirror-buildable than a zero-cost aura that players can just outrange.
+
+VERDICT: SIGN v2 + GM-A + drag 10ft on hit, Minor yank

[0m
[0m$ [0mpython3 -c "
text=\"\"\"big-pickle correctly names the goal but I think pure orbit concedes too much: if GM-A stays ranged with no pull, Hollow Heart stays avoidable unless Jasper closes himself — then he's melee anyway, and scythe is the honest form. Fresh consideration: Ebonyflesh DR 16 vs flat 8-12 damage makes 13 HP melee far less fragile than it sounds, plus Avoid Death; Telekinesis RAW moves one object, so single needle/chain is more player-legal than a swarm. Keep GM-A's fiction (volcanic glass, orbit as visual aura) but retain the pass-1 active yank — on hit drag 10 ft, Minor yank if Tethered, Bonus hurl after Unmaking. Strongest case against this GM-A+drag is it adds action cost/complexity versus clean orbit, but that cost is the point — a Minor yank teaching positioning is more mirror-buildable than a zero-cost aura that players can just outrange.\"\"\"
print(len(text.split()))
"
/usr/bin/bash: line 1: python3: command not found
[0m
[0m$ [0mpy -c "
text='''big-pickle correctly names the goal but I think pure orbit concedes too much: if GM-A stays ranged with no pull, Hollow Heart stays avoidable unless Jasper closes himself — then he's melee anyway, and scythe is the honest form. Fresh consideration: Ebonyflesh DR 16 vs flat 8-12 damage makes 13 HP melee far less fragile than it sounds, plus Avoid Death; Telekinesis RAW moves one object, so single needle/chain is more player-legal than a swarm. Keep GM-A's fiction (volcanic glass, orbit as visual aura) but retain the pass-1 active yank — on hit drag 10 ft, Minor yank if Tethered, Bonus hurl after Unmaking. Strongest case against this GM-A+drag is it adds action cost/complexity versus clean orbit, but that cost is the point — a Minor yank teaching positioning is more mirror-buildable than a zero-cost aura that players can just outrange.'''
print(len(text.split()))
"
141
[0m
[0m→ [0mRead scratch/debates/jasper_weapon.md
Post appended.
